------------------------------------------------------------
Timing Analyzer Summary
------------------------------------------------------------

Type  : Slow 1200mV 85C Model Setup 'c_pll|altpll_component|auto_generated|pll1|clk[0]'
Slack : 1.466
TNS   : 0.000

Type  : Slow 1200mV 85C Model Setup 'altera_reserved_tck'
Slack : 44.097
TNS   : 0.000

Type  : Slow 1200mV 85C Model Hold 'c_pll|altpll_component|auto_generated|pll1|clk[0]'
Slack : 0.347
TNS   : 0.000

Type  : Slow 1200mV 85C Model Hold 'altera_reserved_tck'
Slack : 0.452
TNS   : 0.000

Type  : Slow 1200mV 85C Model Recovery 'c_pll|altpll_component|auto_generated|pll1|clk[0]'
Slack : 5.971
TNS   : 0.000

Type  : Slow 1200mV 85C Model Recovery 'altera_reserved_tck'
Slack : 95.562
TNS   : 0.000

Type  : Slow 1200mV 85C Model Removal 'altera_reserved_tck'
Slack : 1.127
TNS   : 0.000

Type  : Slow 1200mV 85C Model Removal 'c_pll|altpll_component|auto_generated|pll1|clk[0]'
Slack : 3.356
TNS   : 0.000

Type  : Slow 1200mV 85C Model Minimum Pulse Width 'c_pll|altpll_component|auto_generated|pll1|clk[0]'
Slack : 4.692
TNS   : 0.000

Type  : Slow 1200mV 85C Model Minimum Pulse Width 'main_clk'
Slack : 9.858
TNS   : 0.000

Type  : Slow 1200mV 85C Model Minimum Pulse Width 'altera_reserved_tck'
Slack : 49.383
TNS   : 0.000

Type  : Slow 1200mV 0C Model Setup 'c_pll|altpll_component|auto_generated|pll1|clk[0]'
Slack : 2.119
TNS   : 0.000

Type  : Slow 1200mV 0C Model Setup 'altera_reserved_tck'
Slack : 44.527
TNS   : 0.000

Type  : Slow 1200mV 0C Model Hold 'c_pll|altpll_component|auto_generated|pll1|clk[0]'
Slack : 0.334
TNS   : 0.000

Type  : Slow 1200mV 0C Model Hold 'altera_reserved_tck'
Slack : 0.400
TNS   : 0.000

Type  : Slow 1200mV 0C Model Recovery 'c_pll|altpll_component|auto_generated|pll1|clk[0]'
Slack : 6.283
TNS   : 0.000

Type  : Slow 1200mV 0C Model Recovery 'altera_reserved_tck'
Slack : 95.886
TNS   : 0.000

Type  : Slow 1200mV 0C Model Removal 'altera_reserved_tck'
Slack : 1.027
TNS   : 0.000

Type  : Slow 1200mV 0C Model Removal 'c_pll|altpll_component|auto_generated|pll1|clk[0]'
Slack : 3.000
TNS   : 0.000

Type  : Slow 1200mV 0C Model Minimum Pulse Width 'c_pll|altpll_component|auto_generated|pll1|clk[0]'
Slack : 4.670
TNS   : 0.000

Type  : Slow 1200mV 0C Model Minimum Pulse Width 'main_clk'
Slack : 9.855
TNS   : 0.000

Type  : Slow 1200mV 0C Model Minimum Pulse Width 'altera_reserved_tck'
Slack : 49.228
TNS   : 0.000

Type  : Fast 1200mV 0C Model Setup 'c_pll|altpll_component|auto_generated|pll1|clk[0]'
Slack : 6.311
TNS   : 0.000

Type  : Fast 1200mV 0C Model Setup 'altera_reserved_tck'
Slack : 47.686
TNS   : 0.000

Type  : Fast 1200mV 0C Model Hold 'c_pll|altpll_component|auto_generated|pll1|clk[0]'
Slack : 0.111
TNS   : 0.000

Type  : Fast 1200mV 0C Model Hold 'altera_reserved_tck'
Slack : 0.186
TNS   : 0.000

Type  : Fast 1200mV 0C Model Recovery 'c_pll|altpll_component|auto_generated|pll1|clk[0]'
Slack : 8.118
TNS   : 0.000

Type  : Fast 1200mV 0C Model Recovery 'altera_reserved_tck'
Slack : 97.872
TNS   : 0.000

Type  : Fast 1200mV 0C Model Removal 'altera_reserved_tck'
Slack : 0.494
TNS   : 0.000

Type  : Fast 1200mV 0C Model Removal 'c_pll|altpll_component|auto_generated|pll1|clk[0]'
Slack : 1.486
TNS   : 0.000

Type  : Fast 1200mV 0C Model Minimum Pulse Width 'c_pll|altpll_component|auto_generated|pll1|clk[0]'
Slack : 4.732
TNS   : 0.000

Type  : Fast 1200mV 0C Model Minimum Pulse Width 'main_clk'
Slack : 9.423
TNS   : 0.000

Type  : Fast 1200mV 0C Model Minimum Pulse Width 'altera_reserved_tck'
Slack : 49.276
TNS   : 0.000

------------------------------------------------------------
