------------------------------------------------------------
Timing Analyzer Summary
------------------------------------------------------------

Type  : Slow 1200mV 85C Model Setup 'c_pll|altpll_component|auto_generated|pll1|clk[0]'
Slack : 2.436
TNS   : 0.000

Type  : Slow 1200mV 85C Model Setup 'altera_reserved_tck'
Slack : 42.985
TNS   : 0.000

Type  : Slow 1200mV 85C Model Hold 'c_pll|altpll_component|auto_generated|pll1|clk[0]'
Slack : 0.311
TNS   : 0.000

Type  : Slow 1200mV 85C Model Hold 'altera_reserved_tck'
Slack : 0.452
TNS   : 0.000

Type  : Slow 1200mV 85C Model Recovery 'c_pll|altpll_component|auto_generated|pll1|clk[0]'
Slack : 5.807
TNS   : 0.000

Type  : Slow 1200mV 85C Model Recovery 'altera_reserved_tck'
Slack : 95.933
TNS   : 0.000

Type  : Slow 1200mV 85C Model Removal 'altera_reserved_tck'
Slack : 1.709
TNS   : 0.000

Type  : Slow 1200mV 85C Model Removal 'c_pll|altpll_component|auto_generated|pll1|clk[0]'
Slack : 2.295
TNS   : 0.000

Type  : Slow 1200mV 85C Model Minimum Pulse Width 'c_pll|altpll_component|auto_generated|pll1|clk[0]'
Slack : 4.718
TNS   : 0.000

Type  : Slow 1200mV 85C Model Minimum Pulse Width 'main_clk'
Slack : 9.858
TNS   : 0.000

Type  : Slow 1200mV 85C Model Minimum Pulse Width 'altera_reserved_tck'
Slack : 49.373
TNS   : 0.000

Type  : Slow 1200mV 0C Model Setup 'c_pll|altpll_component|auto_generated|pll1|clk[0]'
Slack : 2.775
TNS   : 0.000

Type  : Slow 1200mV 0C Model Setup 'altera_reserved_tck'
Slack : 43.480
TNS   : 0.000

Type  : Slow 1200mV 0C Model Hold 'c_pll|altpll_component|auto_generated|pll1|clk[0]'
Slack : 0.299
TNS   : 0.000

Type  : Slow 1200mV 0C Model Hold 'altera_reserved_tck'
Slack : 0.401
TNS   : 0.000

Type  : Slow 1200mV 0C Model Recovery 'c_pll|altpll_component|auto_generated|pll1|clk[0]'
Slack : 6.023
TNS   : 0.000

Type  : Slow 1200mV 0C Model Recovery 'altera_reserved_tck'
Slack : 96.263
TNS   : 0.000

Type  : Slow 1200mV 0C Model Removal 'altera_reserved_tck'
Slack : 1.548
TNS   : 0.000

Type  : Slow 1200mV 0C Model Removal 'c_pll|altpll_component|auto_generated|pll1|clk[0]'
Slack : 2.056
TNS   : 0.000

Type  : Slow 1200mV 0C Model Minimum Pulse Width 'c_pll|altpll_component|auto_generated|pll1|clk[0]'
Slack : 4.718
TNS   : 0.000

Type  : Slow 1200mV 0C Model Minimum Pulse Width 'main_clk'
Slack : 9.855
TNS   : 0.000

Type  : Slow 1200mV 0C Model Minimum Pulse Width 'altera_reserved_tck'
Slack : 49.218
TNS   : 0.000

Type  : Fast 1200mV 0C Model Setup 'c_pll|altpll_component|auto_generated|pll1|clk[0]'
Slack : 6.673
TNS   : 0.000

Type  : Fast 1200mV 0C Model Setup 'altera_reserved_tck'
Slack : 47.117
TNS   : 0.000

Type  : Fast 1200mV 0C Model Hold 'c_pll|altpll_component|auto_generated|pll1|clk[0]'
Slack : 0.091
TNS   : 0.000

Type  : Fast 1200mV 0C Model Hold 'altera_reserved_tck'
Slack : 0.186
TNS   : 0.000

Type  : Fast 1200mV 0C Model Recovery 'c_pll|altpll_component|auto_generated|pll1|clk[0]'
Slack : 8.014
TNS   : 0.000

Type  : Fast 1200mV 0C Model Recovery 'altera_reserved_tck'
Slack : 98.071
TNS   : 0.000

Type  : Fast 1200mV 0C Model Removal 'altera_reserved_tck'
Slack : 0.726
TNS   : 0.000

Type  : Fast 1200mV 0C Model Removal 'c_pll|altpll_component|auto_generated|pll1|clk[0]'
Slack : 0.986
TNS   : 0.000

Type  : Fast 1200mV 0C Model Minimum Pulse Width 'c_pll|altpll_component|auto_generated|pll1|clk[0]'
Slack : 4.732
TNS   : 0.000

Type  : Fast 1200mV 0C Model Minimum Pulse Width 'main_clk'
Slack : 9.423
TNS   : 0.000

Type  : Fast 1200mV 0C Model Minimum Pulse Width 'altera_reserved_tck'
Slack : 49.280
TNS   : 0.000

------------------------------------------------------------
